10:45:05:620 [INFO] Connecting to simulation server at 127.0.0.1
10:45:05:629 [INFO] Connection opened.
10:45:05:630 [INFO] Started the pub-sub topic receiving thread.
10:45:05:630 [INFO] Loading scene config: C:\Users\Ncburton\Desktop\499-Codrone-Sim\sdk\client\sim_config\ClassRoomDrone.jsonc
10:45:06:560 [INFO] Getting the list of available topic info from the sim server...
10:45:06:573 [INFO] Successfully received topic info list.
10:45:08:599 [INFO] World object updated for the loaded scene '/Sim/SceneBasicDrone'. Note: Any previous Drone object instances may no longer be valid.
10:45:08:600 [INFO] Trajectory 'null_trajectory' imported successfully.
10:45:08:600 [INFO] Initalizing Drone 'Drone1'...
10:45:08:602 [INFO] -------------------------------------------------
10:45:08:602 [INFO] The following topics can be subscribed to for robot 'Drone1':
10:45:08:602 [INFO]     sensors["lidar1"]["lidar"]
10:45:08:602 [INFO]     sensors["Chase"]["scene_camera"]
10:45:08:602 [INFO]     sensors["Chase"]["scene_camera_info"]
10:45:08:603 [INFO]     sensors["DownCamera"]["scene_camera"]
10:45:08:603 [INFO]     sensors["DownCamera"]["scene_camera_info"]
10:45:08:603 [INFO]     sensors["DownCamera"]["depth_camera"]
10:45:08:604 [INFO]     sensors["DownCamera"]["depth_camera_info"]
10:45:08:604 [INFO]     sensors["IMU1"]["imu_kinematics"]
10:45:08:604 [INFO]     sensors["GPS"]["gps"]
10:45:08:605 [INFO]     sensors["Barometer"]["barometer"]
10:45:08:605 [INFO]     sensors["Magnetometer"]["magnetometer"]
10:45:08:605 [INFO]     sensors["FrontRange"]["distance_sensor"]
10:45:08:606 [INFO]     sensors["BottomRange"]["distance_sensor"]
10:45:08:606 [INFO]     sensors["Lidar1"]["lidar"]
10:45:08:608 [INFO]     robot_info["actual_pose"]
10:45:08:616 [INFO]     robot_info["collision_info"]
10:45:08:616 [INFO]     robot_info["rotor_info"]
10:45:08:616 [INFO] -------------------------------------------------
10:45:08:617 [INFO] Drone 'Drone1' initialized for World scene '/Sim/SceneBasicDrone'
10:45:08:624 [INFO] Connected to AirSim with run number: 154
10:45:08:630 [INFO] Welcome to to Class 499's Codrone Simulator!
 We will begin the connecting process now.
10:45:08:630 [INFO] Valid Commands: 
10:45:08:632 [INFO] Reset
10:45:08:632 [INFO] Close
10:45:08:632 [INFO] Takeoff
10:45:08:632 [INFO] State_Polling
10:45:08:632 [INFO] Land
10:45:08:633 [INFO] Forward
10:45:08:633 [INFO] Backward
10:45:08:633 [INFO] Left
10:45:08:634 [INFO] Right
10:45:08:634 [INFO] Up
10:45:08:634 [INFO] Down
10:45:08:636 [INFO] Yaw_Left
10:45:08:636 [INFO] Yaw_Right
10:45:08:636 [INFO] Square
10:45:08:636 [INFO] 

